// Vitest Snapshot v1, https://vitest.dev/guide/snapshot.html

exports[`nullables 1`] = `
"import type { Jsonifiable, Jsonify } from "type-fest";
import type { JsonifiableObject } from "type-fest/source/jsonifiable.js";

export type MySchemaLolOrNullable = "lol" | "kek" | null;
"
`;
